******************************************************************************
                  TI ARM Linker PC v20.2.7                     
******************************************************************************
>> Linked Tue Sep  1 16:15:44 2026

OUTPUT FILE NAME:   <rtos_nano.out>
ENTRY POINT SYMBOL: "_c_int00_noargs"  address: 00000fb1


MEMORY CONFIGURATION

         name            origin    length      used     unused   attr    fill
----------------------  --------  ---------  --------  --------  ----  --------
  FLASH                 00000000   00040000  0000113e  0003eec2  R  X
  SRAM                  20000000   00008000  00000404  00007bfc  RW X


SEGMENT ALLOCATION MAP

run origin  load origin   length   init length attrs members
----------  ----------- ---------- ----------- ----- -------
00000000    00000000    00001144   00001144    r-x
  00000000    00000000    0000026c   0000026c    r-- .intvecs
  0000026c    0000026c    00000ddc   00000ddc    r-x .text
  00001048    00001048    000000e2   000000e2    r-- .const
  00001130    00001130    00000014   00000014    r-- .cinit
20000000    20000000    00000404   00000000    rw-
  20000000    20000000    00000400   00000000    rw- .stack
  20000400    20000400    00000004   00000000    rw- .bss


SECTION ALLOCATION MAP

 output                                  attributes/
section   page    origin      length       input sections
--------  ----  ----------  ----------   ----------------
.intvecs   0    00000000    0000026c     
                  00000000    0000026c     tm4c123gh6pm_startup_ccs.obj (.intvecs)

.text      0    0000026c    00000ddc     
                  0000026c    00000a84     cti.obj (.text)
                  00000cf0    00000150     rtos_common.obj (.text)
                  00000e40    0000012c     debug.obj (.text)
                  00000f6c    00000044     rtsv7M4_T_le_v4SPD16_eabi.lib : autoinit.c.obj (.text:__TI_auto_init_nobinit_nopinit:__TI_auto_init_nobinit_nopinit)
                  00000fb0    00000034                                   : boot_cortex_m.c.obj (.text:_c_int00_noargs:_c_int00_noargs)
                  00000fe4    00000024     main.obj (.text)
                  00001008    0000001c     rtsv7M4_T_le_v4SPD16_eabi.lib : copy_zero_init.c.obj (.text:decompress:ZI:__TI_zero_init_nomemset:__TI_zero_init_nomemset)
                  00001024    00000010     clock.obj (.text)
                  00001034    0000000c     tm4c123gh6pm_startup_ccs.obj (.text)
                  00001040    00000004     rtsv7M4_T_le_v4SPD16_eabi.lib : pre_init.c.obj (.text:_system_pre_init)
                  00001044    00000004                                   : exit.c.obj (.text:abort:abort)

.const     0    00001048    000000e2     
                  00001048    00000090     cti.obj (.const:cti_cmd_list)
                  000010d8    00000052     cti.obj (.const:.string)

.cinit     0    00001130    00000014     
                  00001130    00000008     (.cinit..bss.load) [load image, compression = zero_init]
                  00001138    00000004     (__TI_handler_table)
                  0000113c    00000008     (__TI_cinit_table)

.init_array 
*          0    00000000    00000000     UNINITIALIZED

.bss       0    20000400    00000004     UNINITIALIZED
                  20000400    00000004     (.common:systemTicker)

.stack     0    20000000    00000400     UNINITIALIZED
                  20000000    00000004     rtsv7M4_T_le_v4SPD16_eabi.lib : boot_cortex_m.c.obj (.stack)
                  20000004    000003fc     --HOLE--

__llvm_prf_cnts 
*          0    20000000    00000000     UNINITIALIZED

MODULE SUMMARY

       Module                         code   ro data   rw data
       ------                         ----   -------   -------
    .\
       cti.obj                        2692   226       0      
       tm4c123gh6pm_startup_ccs.obj   12     620       0      
       rtos_common.obj                336    0         0      
       debug.obj                      300    0         4      
       main.obj                       36     0         0      
       clock.obj                      16     0         0      
    +--+------------------------------+------+---------+---------+
       Total:                         3392   846       4      
                                                              
    C:\ti\ccs1281\ccs\tools\compiler\ti-cgt-arm_20.2.7.LTS\lib\rtsv7M4_T_le_v4SPD16_eabi.lib
       autoinit.c.obj                 68     0         0      
       boot_cortex_m.c.obj            52     0         0      
       copy_zero_init.c.obj           28     0         0      
       exit.c.obj                     4      0         0      
       pre_init.c.obj                 4      0         0      
    +--+------------------------------+------+---------+---------+
       Total:                         156    0         0      
                                                              
       Stack:                         0      0         1024   
       Linker Generated:              0      20        0      
    +--+------------------------------+------+---------+---------+
       Grand Total:                   3548   866       1028   


LINKER GENERATED COPY TABLES

__TI_cinit_table @ 0000113c records: 1, size/record: 8, table size: 8
	.bss: load addr=00001130, load size=00000008 bytes, run addr=20000400, run size=00000004 bytes, compression=zero_init


LINKER GENERATED HANDLER TABLE

__TI_handler_table @ 00001138 records: 1, size/record: 4, table size: 4
	index: 0, handler: __TI_zero_init


GLOBAL SYMBOLS: SORTED ALPHABETICALLY BY Name 

address   name                          
-------   ----                          
00001045  C$$EXIT                       
00001035  ResetISR                      
20000400  __STACK_END                   
00000400  __STACK_SIZE                  
20000200  __STACK_TOP                   
0000113c  __TI_CINIT_Base               
00001144  __TI_CINIT_Limit              
00001138  __TI_Handler_Table_Base       
0000113c  __TI_Handler_Table_Limit      
00000f6d  __TI_auto_init_nobinit_nopinit
ffffffff  __TI_pprof_out_hndl           
ffffffff  __TI_prof_data_size           
ffffffff  __TI_prof_data_start          
00000000  __TI_static_base__            
00001009  __TI_zero_init_nomemset       
ffffffff  __binit__                     
ffffffff  __c_args__                    
UNDEFED   __mpu_init                    
20000000  __stack                       
20000000  __start___llvm_prf_cnts       
20000000  __stop___llvm_prf_cnts        
00000fb1  _c_int00_noargs               
UNDEFED   _system_post_cinit            
00001041  _system_pre_init              
00001045  abort                         
00000da9  bg_runner                     
ffffffff  binit                         
00000efd  blueLED                       
0000039b  cmd_bg_runner                 
000002b3  cmd_helpMe                    
000002d1  cmd_ipcs                      
000002db  cmd_kill                      
000002ff  cmd_pi                        
00000389  cmd_pidof                     
000002ed  cmd_pkill                     
0000032d  cmd_preempt                   
000002c7  cmd_ps                        
000002bd  cmd_rebootie                  
0000035b  cmd_sched                     
00001048  cti_cmd_list                  
00000ebf  currentTime                   
00000ec5  deltaTime                     
00000c13  doCommands                    
00000000  g_pfnVectors                  
00000ab5  getFieldInteger               
UNDEFED   getFieldStr                   
00000a6b  getFieldString                
00000795  getcUart0                     
000007bd  getsUart0                     
00000f25  greenLED                      
0000026d  helpMe                        
00001025  initSystemClockTo40Mhz        
000006d3  initUart0                     
00000ed7  init_LEDs                     
00000f39  init_debug                    
00000fe5  init_hw                       
00000ea3  init_sysTick                  
00000b9f  intToAlpha                    
00000d03  ipcs                          
00000b77  isCommand                     
000007a9  kbhit                         
00000d0d  kill                          
00000ff5  main                          
000008e9  parseFields                   
00000d5d  pi                            
00000d95  pidof                         
00000d2d  pkill                         
00000d41  preempt                       
00000cf9  ps                            
00000747  putcUart0                     
00000769  putsUart0                     
00000cf1  rebootie                      
00000f11  redLED                        
00000d79  sched                         
00000c97  shell                         
00000675  stringComp                    
000003a7  strlength                     
20000400  systemTicker                  
00000e41  toAsciiHex                    
00001007  yield                         


GLOBAL SYMBOLS: SORTED BY Symbol Address 

address   name                          
-------   ----                          
00000000  __TI_static_base__            
00000000  g_pfnVectors                  
0000026d  helpMe                        
000002b3  cmd_helpMe                    
000002bd  cmd_rebootie                  
000002c7  cmd_ps                        
000002d1  cmd_ipcs                      
000002db  cmd_kill                      
000002ed  cmd_pkill                     
000002ff  cmd_pi                        
0000032d  cmd_preempt                   
0000035b  cmd_sched                     
00000389  cmd_pidof                     
0000039b  cmd_bg_runner                 
000003a7  strlength                     
00000400  __STACK_SIZE                  
00000675  stringComp                    
000006d3  initUart0                     
00000747  putcUart0                     
00000769  putsUart0                     
00000795  getcUart0                     
000007a9  kbhit                         
000007bd  getsUart0                     
000008e9  parseFields                   
00000a6b  getFieldString                
00000ab5  getFieldInteger               
00000b77  isCommand                     
00000b9f  intToAlpha                    
00000c13  doCommands                    
00000c97  shell                         
00000cf1  rebootie                      
00000cf9  ps                            
00000d03  ipcs                          
00000d0d  kill                          
00000d2d  pkill                         
00000d41  preempt                       
00000d5d  pi                            
00000d79  sched                         
00000d95  pidof                         
00000da9  bg_runner                     
00000e41  toAsciiHex                    
00000ea3  init_sysTick                  
00000ebf  currentTime                   
00000ec5  deltaTime                     
00000ed7  init_LEDs                     
00000efd  blueLED                       
00000f11  redLED                        
00000f25  greenLED                      
00000f39  init_debug                    
00000f6d  __TI_auto_init_nobinit_nopinit
00000fb1  _c_int00_noargs               
00000fe5  init_hw                       
00000ff5  main                          
00001007  yield                         
00001009  __TI_zero_init_nomemset       
00001025  initSystemClockTo40Mhz        
00001035  ResetISR                      
00001041  _system_pre_init              
00001045  C$$EXIT                       
00001045  abort                         
00001048  cti_cmd_list                  
00001138  __TI_Handler_Table_Base       
0000113c  __TI_CINIT_Base               
0000113c  __TI_Handler_Table_Limit      
00001144  __TI_CINIT_Limit              
20000000  __stack                       
20000000  __start___llvm_prf_cnts       
20000000  __stop___llvm_prf_cnts        
20000200  __STACK_TOP                   
20000400  __STACK_END                   
20000400  systemTicker                  
ffffffff  __TI_pprof_out_hndl           
ffffffff  __TI_prof_data_size           
ffffffff  __TI_prof_data_start          
ffffffff  __binit__                     
ffffffff  __c_args__                    
ffffffff  binit                         
UNDEFED   __mpu_init                    
UNDEFED   _system_post_cinit            
UNDEFED   getFieldStr                   

[80 symbols]
