******************************************************************************
                  TI ARM Linker Unix v20.2.7                   
******************************************************************************
>> Linked Tue Oct  6 14:24:36 2026

OUTPUT FILE NAME:   <rtos_class.out>
ENTRY POINT SYMBOL: "_c_int00_noargs"  address: 0000256d


MEMORY CONFIGURATION

         name            origin    length      used     unused   attr    fill
----------------------  --------  ---------  --------  --------  ----  --------
  FLASH                 00000000   00040000  0000278a  0003d876  R  X
  SRAM                  20000000   00008000  00000359  00007ca7  RW X


SEGMENT ALLOCATION MAP

run origin  load origin   length   init length attrs members
----------  ----------- ---------- ----------- ----- -------
00000000    00000000    00002790   00002790    r-x
  00000000    00000000    0000026c   0000026c    r-- .intvecs
  0000026c    0000026c    0000240c   0000240c    r-x .text
  00002678    00002678    000000e2   000000e2    r-- .const
  00002760    00002760    00000030   00000030    r-- .cinit
20000000    20000000    00000359   00000000    rw-
  20000000    20000000    00000200   00000000    rw- .stack
  20000200    20000200    00000154   00000000    rw- .bss
  20000354    20000354    00000005   00000000    rw- .data


SECTION ALLOCATION MAP

 output                                  attributes/
section   page    origin      length       input sections
--------  ----  ----------  ----------   ----------------
.intvecs   0    00000000    0000026c     
                  00000000    0000026c     tm4c123gh6pm_startup_ccs.obj (.intvecs)

.text      0    0000026c    0000240c     
                  0000026c    00000b48     cti.obj (.text)
                  00000db4    00000808     gpio.obj (.text)
                  000015bc    000005f0     memory.obj (.text)
                  00001bac    000003fc     interrupts.obj (.text)
                  00001fa8    000001a8     interruptor.obj (.text)
                  00002150    00000150     rtos_common.obj (.text)
                  000022a0    00000124     main.obj (.text)
                  000023c4    0000009c     rtsv7M4_T_le_v4SPD16_eabi.lib : memcpy_t2.asm.obj (.text)
                  00002460    00000068                                   : copy_decompress_lzss.c.obj (.text:decompress:lzss:__TI_decompress_lzss)
                  000024c8    00000060     debug.obj (.text)
                  00002528    00000044     rtsv7M4_T_le_v4SPD16_eabi.lib : autoinit.c.obj (.text:__TI_auto_init_nobinit_nopinit:__TI_auto_init_nobinit_nopinit)
                  0000256c    00000034                                   : boot_cortex_m.c.obj (.text:_c_int00_noargs:_c_int00_noargs)
                  000025a0    0000002e     asp_bit.obj (.text)
                  000025ce    00000020     wait.obj (.text)
                  000025ee    0000001e     rtsv7M4_T_le_v4SPD16_eabi.lib : ll_lsl_t2.asm.obj (.text)
                  0000260c    0000001e                                   : ll_lsr_t2.asm.obj (.text)
                  0000262a    0000001c                                   : copy_zero_init.c.obj (.text:decompress:ZI:__TI_zero_init_nomemset:__TI_zero_init_nomemset)
                  00002646    00000002     --HOLE-- [fill = 0]
                  00002648    00000010     clock.obj (.text)
                  00002658    0000000e     rtsv7M4_T_le_v4SPD16_eabi.lib : copy_decompress_none.c.obj (.text:decompress:none:__TI_decompress_none)
                  00002666    0000000a     tm4c123gh6pm_startup_ccs.obj (.text)
                  00002670    00000004     rtsv7M4_T_le_v4SPD16_eabi.lib : pre_init.c.obj (.text:_system_pre_init)
                  00002674    00000004                                   : exit.c.obj (.text:abort:abort)

.const     0    00002678    000000e2     
                  00002678    00000090     cti.obj (.const:cti_cmd_list)
                  00002708    00000052     cti.obj (.const:.string)

.cinit     0    00002760    00000030     
                  00002760    0000000c     (__TI_handler_table)
                  0000276c    00000009     (.cinit..data.load) [load image, compression = lzss]
                  00002775    00000003     --HOLE-- [fill = 0]
                  00002778    00000008     (.cinit..bss.load) [load image, compression = zero_init]
                  00002780    00000010     (__TI_cinit_table)

.init_array 
*          0    00000000    00000000     UNINITIALIZED

.bss       0    20000200    00000154     UNINITIALIZED
                  20000200    00000154     (.common:the_map)

.data      0    20000354    00000005     UNINITIALIZED
                  20000354    00000004     interrupts.obj (.data)
                  20000358    00000001     interruptor.obj (.data)

.stack     0    20000000    00000200     UNINITIALIZED
                  20000000    00000004     rtsv7M4_T_le_v4SPD16_eabi.lib : boot_cortex_m.c.obj (.stack)
                  20000004    000001fc     --HOLE--

__llvm_prf_cnts 
*          0    20000000    00000000     UNINITIALIZED

MODULE SUMMARY

       Module                         code   ro data   rw data
       ------                         ----   -------   -------
    ./
       cti.obj                        2888   226       0      
       gpio.obj                       2056   0         0      
       memory.obj                     1520   0         340    
       interrupts.obj                 1020   0         4      
       tm4c123gh6pm_startup_ccs.obj   10     620       0      
       interruptor.obj                424    0         1      
       rtos_common.obj                336    0         0      
       main.obj                       292    0         0      
       debug.obj                      96     0         0      
       asp_bit.obj                    46     0         0      
       wait.obj                       32     0         0      
       clock.obj                      16     0         0      
    +--+------------------------------+------+---------+---------+
       Total:                         8736   846       345    
                                                              
    /home/rps/ti/ccs1281/ccs/tools/compiler/ti-cgt-arm_20.2.7.LTS/lib/rtsv7M4_T_le_v4SPD16_eabi.lib
       memcpy_t2.asm.obj              156    0         0      
       copy_decompress_lzss.c.obj     104    0         0      
       autoinit.c.obj                 68     0         0      
       boot_cortex_m.c.obj            52     0         0      
       ll_lsl_t2.asm.obj              30     0         0      
       ll_lsr_t2.asm.obj              30     0         0      
       copy_zero_init.c.obj           28     0         0      
       copy_decompress_none.c.obj     14     0         0      
       exit.c.obj                     4      0         0      
       pre_init.c.obj                 4      0         0      
    +--+------------------------------+------+---------+---------+
       Total:                         490    0         0      
                                                              
       Stack:                         0      0         512    
       Linker Generated:              0      45        0      
    +--+------------------------------+------+---------+---------+
       Grand Total:                   9226   891       857    


LINKER GENERATED COPY TABLES

__TI_cinit_table @ 00002780 records: 2, size/record: 8, table size: 16
	.data: load addr=0000276c, load size=00000009 bytes, run addr=20000354, run size=00000005 bytes, compression=lzss
	.bss: load addr=00002778, load size=00000008 bytes, run addr=20000200, run size=00000154 bytes, compression=zero_init


LINKER GENERATED HANDLER TABLE

__TI_handler_table @ 00002760 records: 3, size/record: 4, table size: 12
	index: 0, handler: __TI_decompress_lzss
	index: 1, handler: __TI_decompress_none
	index: 2, handler: __TI_zero_init


GLOBAL SYMBOLS: SORTED ALPHABETICALLY BY Name 

address   name                          
-------   ----                          
00001db9  BusFaultHandler               
00002675  C$$EXIT                       
00001cf9  HardFaultHandler              
00001d51  MPUFaultHandler               
00001e3b  PendSVHandler                 
00002667  ResetISR                      
00001de9  UsageFaultHandler             
20000200  __STACK_END                   
00000200  __STACK_SIZE                  
20000200  __STACK_TOP                   
00002780  __TI_CINIT_Base               
00002790  __TI_CINIT_Limit              
00002760  __TI_Handler_Table_Base       
0000276c  __TI_Handler_Table_Limit      
00002529  __TI_auto_init_nobinit_nopinit
00002461  __TI_decompress_lzss          
00002659  __TI_decompress_none          
ffffffff  __TI_pprof_out_hndl           
ffffffff  __TI_prof_data_size           
ffffffff  __TI_prof_data_start          
00000000  __TI_static_base__            
0000262b  __TI_zero_init_nomemset       
000025ef  __aeabi_llsl                  
0000260d  __aeabi_llsr                  
000023c5  __aeabi_memcpy                
000023c5  __aeabi_memcpy4               
000023c5  __aeabi_memcpy8               
ffffffff  __binit__                     
ffffffff  __c_args__                    
UNDEFED   __mpu_init                    
20000000  __stack                       
20000000  __start___llvm_prf_cnts       
20000000  __stop___llvm_prf_cnts        
0000256d  _c_int00_noargs               
UNDEFED   _system_post_cinit            
00002671  _system_pre_init              
00002675  abort                         
00001a8d  addSramAccessWindow           
000019d7  allowFlashAccess              
000019e5  allowPeripheralAccess         
00001a35  applySramAccessMask           
00002209  bg_runner                     
ffffffff  binit                         
00001fb9  cause_busfault                
00001fa9  cause_hardfault               
00001fb7  cause_mpufault                
00001ffb  cause_pendsv                  
00001fc5  cause_usagefault              
00001773  check_free                    
00001409  clearPinInterrupt             
0000185b  clearblock                    
0000039b  cmd_bg_runner                 
000002b3  cmd_helpMe                    
000002d1  cmd_ipcs                      
000002db  cmd_kill                      
000002ff  cmd_pi                        
00000389  cmd_pidof                     
000002ed  cmd_pkill                     
0000032d  cmd_preempt                   
000002c7  cmd_ps                        
000002bd  cmd_rebootie                  
0000035b  cmd_sched                     
00001a25  createNoSramAccess            
00002678  cti_cmd_list                  
000013e5  disablePinInterrupt           
0000111d  disablePinPulldown            
000010d5  disablePinPullup              
00000e71  disablePort                   
00000cd7  doCommands                    
00001bad  dumpmem                       
00002373  ecscape                       
000013c1  enablePinInterrupt            
000010f9  enablePinPulldown             
000010a7  enablePinPullup               
00000db5  enablePort                    
00002007  faultloop                     
000018d9  freeBlockCount                
000017cd  free_to_heap                  
00000000  g_pfnVectors                  
00000ab5  getFieldInteger               
00000a6b  getFieldString                
00001477  getPinValue                   
0000152d  getPortValue                  
00000795  getcUart0                     
000025bf  getmsp                        
000025b9  getpsp                        
000007bd  getsUart0                     
0000026d  helpMe                        
00002649  initSystemClockTo40Mhz        
000006d3  initUart0                     
000022a1  init_hw                       
000015bd  init_mem                      
00000b9f  intToAlpha                    
00002163  ipcs                          
00000b77  isCommand                     
000007a9  kbhit                         
0000216d  kill                          
00000cad  lowerCaseify                  
00002387  main                          
20000358  makehardfault                 
0000162b  malloc_from_heap              
000025c5  memBarrier                    
000023c5  memcpy                        
000019bd  mpuEnablePls                  
000008e9  parseFields                   
000021bd  pi                            
20000354  pid                           
000021f5  pidof                         
0000218d  pkill                         
00001747  point_to_mem                  
000021a1  preempt                       
00002159  ps                            
00000747  putcUart0                     
00000769  putsUart0                     
00002151  rebootie                      
000021d9  sched                         
00000fdb  selectPinAnalogInput          
00000f8d  selectPinDigitalInput         
000012f7  selectPinInterruptBothEdges   
000012a7  selectPinInterruptFallingEdge 
0000134d  selectPinInterruptHighLevel   
00001387  selectPinInterruptLowLevel    
00001257  selectPinInterruptRisingEdge  
00000f3f  selectPinOpenDrainOutput      
00000ef1  selectPinPushPullOutput       
000025a1  setASPBit                     
000019c9  setBasicAccess                
00001145  setPinAuxFunction             
0000102b  setPinCommitControl           
0000142d  setPinValue                   
000014b5  setPortValue                  
00001b3f  setSramAccessWindow           
000025b3  setpsp                        
000019f3  setupSramAccess               
0000237b  setup_handlers                
00000d5b  shell                         
00000675  stringComp                    
000003a5  strlength                     
20000200  the_map                       
000024c9  toAsciiHex                    
00001453  togglePinValue                
000025cf  waitMicrosecond               
000023a7  yield                         


GLOBAL SYMBOLS: SORTED BY Symbol Address 

address   name                          
-------   ----                          
00000000  __TI_static_base__            
00000000  g_pfnVectors                  
00000200  __STACK_SIZE                  
0000026d  helpMe                        
000002b3  cmd_helpMe                    
000002bd  cmd_rebootie                  
000002c7  cmd_ps                        
000002d1  cmd_ipcs                      
000002db  cmd_kill                      
000002ed  cmd_pkill                     
000002ff  cmd_pi                        
0000032d  cmd_preempt                   
0000035b  cmd_sched                     
00000389  cmd_pidof                     
0000039b  cmd_bg_runner                 
000003a5  strlength                     
00000675  stringComp                    
000006d3  initUart0                     
00000747  putcUart0                     
00000769  putsUart0                     
00000795  getcUart0                     
000007a9  kbhit                         
000007bd  getsUart0                     
000008e9  parseFields                   
00000a6b  getFieldString                
00000ab5  getFieldInteger               
00000b77  isCommand                     
00000b9f  intToAlpha                    
00000cad  lowerCaseify                  
00000cd7  doCommands                    
00000d5b  shell                         
00000db5  enablePort                    
00000e71  disablePort                   
00000ef1  selectPinPushPullOutput       
00000f3f  selectPinOpenDrainOutput      
00000f8d  selectPinDigitalInput         
00000fdb  selectPinAnalogInput          
0000102b  setPinCommitControl           
000010a7  enablePinPullup               
000010d5  disablePinPullup              
000010f9  enablePinPulldown             
0000111d  disablePinPulldown            
00001145  setPinAuxFunction             
00001257  selectPinInterruptRisingEdge  
000012a7  selectPinInterruptFallingEdge 
000012f7  selectPinInterruptBothEdges   
0000134d  selectPinInterruptHighLevel   
00001387  selectPinInterruptLowLevel    
000013c1  enablePinInterrupt            
000013e5  disablePinInterrupt           
00001409  clearPinInterrupt             
0000142d  setPinValue                   
00001453  togglePinValue                
00001477  getPinValue                   
000014b5  setPortValue                  
0000152d  getPortValue                  
000015bd  init_mem                      
0000162b  malloc_from_heap              
00001747  point_to_mem                  
00001773  check_free                    
000017cd  free_to_heap                  
0000185b  clearblock                    
000018d9  freeBlockCount                
000019bd  mpuEnablePls                  
000019c9  setBasicAccess                
000019d7  allowFlashAccess              
000019e5  allowPeripheralAccess         
000019f3  setupSramAccess               
00001a25  createNoSramAccess            
00001a35  applySramAccessMask           
00001a8d  addSramAccessWindow           
00001b3f  setSramAccessWindow           
00001bad  dumpmem                       
00001cf9  HardFaultHandler              
00001d51  MPUFaultHandler               
00001db9  BusFaultHandler               
00001de9  UsageFaultHandler             
00001e3b  PendSVHandler                 
00001fa9  cause_hardfault               
00001fb7  cause_mpufault                
00001fb9  cause_busfault                
00001fc5  cause_usagefault              
00001ffb  cause_pendsv                  
00002007  faultloop                     
00002151  rebootie                      
00002159  ps                            
00002163  ipcs                          
0000216d  kill                          
0000218d  pkill                         
000021a1  preempt                       
000021bd  pi                            
000021d9  sched                         
000021f5  pidof                         
00002209  bg_runner                     
000022a1  init_hw                       
00002373  ecscape                       
0000237b  setup_handlers                
00002387  main                          
000023a7  yield                         
000023c5  __aeabi_memcpy                
000023c5  __aeabi_memcpy4               
000023c5  __aeabi_memcpy8               
000023c5  memcpy                        
00002461  __TI_decompress_lzss          
000024c9  toAsciiHex                    
00002529  __TI_auto_init_nobinit_nopinit
0000256d  _c_int00_noargs               
000025a1  setASPBit                     
000025b3  setpsp                        
000025b9  getpsp                        
000025bf  getmsp                        
000025c5  memBarrier                    
000025cf  waitMicrosecond               
000025ef  __aeabi_llsl                  
0000260d  __aeabi_llsr                  
0000262b  __TI_zero_init_nomemset       
00002649  initSystemClockTo40Mhz        
00002659  __TI_decompress_none          
00002667  ResetISR                      
00002671  _system_pre_init              
00002675  C$$EXIT                       
00002675  abort                         
00002678  cti_cmd_list                  
00002760  __TI_Handler_Table_Base       
0000276c  __TI_Handler_Table_Limit      
00002780  __TI_CINIT_Base               
00002790  __TI_CINIT_Limit              
20000000  __stack                       
20000000  __start___llvm_prf_cnts       
20000000  __stop___llvm_prf_cnts        
20000200  __STACK_END                   
20000200  __STACK_TOP                   
20000200  the_map                       
20000354  pid                           
20000358  makehardfault                 
ffffffff  __TI_pprof_out_hndl           
ffffffff  __TI_prof_data_size           
ffffffff  __TI_prof_data_start          
ffffffff  __binit__                     
ffffffff  __c_args__                    
ffffffff  binit                         
UNDEFED   __mpu_init                    
UNDEFED   _system_post_cinit            

[143 symbols]
